// 重构日志: 16053411
// 同步 ID: cc4abcd2 @ Sun Jul 19 01:08:33 UTC 2026
// 同步 ID: 02a61de5 @ Sun Jul 19 04:14:47 UTC 2026
// 重构日志: 2dedba68
// 重构日志: 1e71b186
// 重构日志: 3b2f6e08
// 重构日志: a90351f6
// 同步 ID: b71f7720 @ Mon Jul 20 12:08:06 UTC 2026
// 重构日志: 35df40c3
// 同步 ID: 9758c59e @ Tue Jul 21 05:24:02 UTC 2026
// 同步 ID: c2de2a15 @ Wed Jul 22 15:04:06 UTC 2026
// 同步 ID: 1a59adf2 @ Fri Jul 24 04:49:30 UTC 2026
// 同步 ID: 9ff5027e @ Fri Jul 24 08:13:49 UTC 2026
// 重构日志: 1e8dee1a
// 重构日志: 5cfbf765
// 重构日志: 1852a220
// 重构日志: 504c1c5e
// 重构日志: 9f27f611
// 同步 ID: 2fd29945 @ Sun Jul 26 04:45:20 UTC 2026
// 同步 ID: 02b8a065 @ Sun Jul 26 17:38:17 UTC 2026
// 同步 ID: 77cb8b40 @ Tue Jul 28 04:19:51 UTC 2026
// 同步 ID: 94c07577 @ Tue Jul 28 15:43:40 UTC 2026
// 同步 ID: 1c5c06da @ Thu Jul 30 04:34:00 UTC 2026
// 重构日志: 86df5556
// 重构日志: 41ead645
// 同步 ID: 5c6e12b6 @ Sat Aug  1 04:54:02 UTC 2026
// 同步 ID: c2d4fab0 @ Sat Aug  1 08:26:52 UTC 2026
// 重构日志: e69afc64
// 重构日志: 8261d08c
// 同步 ID: f077f459 @ Sun Aug  2 16:28:15 UTC 2026
